
Welcome to Gradle 8.2!

Here are the highlights of this release:
 - Kotlin DSL: new reference documentation, assignment syntax by default
 - Kotlin DSL is now the default with Gradle init
 - Improved suggestions to resolve errors in console output

For more details see https://docs.gradle.org/8.2/release-notes.html

To honour the JVM settings for this build a single-use Daemon process will be forked. For more on this, please refer to https://docs.gradle.org/8.2/userguide/gradle_daemon.html#sec:disabling_the_daemon in the Gradle documentation.
Daemon will be stopped at the end of the build 
Checking the license for package Android SDK Build-Tools 33.0.1 in /home/runner/android-sdk/licenses
License for package Android SDK Build-Tools 33.0.1 accepted.
Preparing "Install Android SDK Build-Tools 33.0.1 v.33.0.1".
"Install Android SDK Build-Tools 33.0.1 v.33.0.1" ready.
Installing Android SDK Build-Tools 33.0.1 in /home/runner/android-sdk/build-tools/33.0.1
"Install Android SDK Build-Tools 33.0.1 v.33.0.1" complete.
"Install Android SDK Build-Tools 33.0.1 v.33.0.1" finished.
> Task :app:buildKotlinToolingMetadata
> Task :app:checkKotlinGradlePluginConfigurationErrors
> Task :app:preBuild UP-TO-DATE
> Task :app:preReleaseBuild UP-TO-DATE
> Task :app:generateReleaseResValues
> Task :app:checkReleaseAarMetadata
> Task :app:mapReleaseSourceSetPaths
> Task :app:generateReleaseResources
> Task :app:packageReleaseResources
> Task :app:mergeReleaseResources
> Task :app:createReleaseCompatibleScreenManifests
> Task :app:extractDeepLinksRelease
> Task :app:parseReleaseLocalResources
> Task :app:processReleaseMainManifest
> Task :app:processReleaseManifest
> Task :app:javaPreCompileRelease
> Task :app:extractProguardFiles
> Task :app:mergeReleaseJniLibFolders
> Task :app:mergeReleaseNativeLibs
> Task :app:processReleaseManifestForPackage
> Task :app:checkReleaseDuplicateClasses

> Task :app:stripReleaseDebugSymbols
Unable to strip the following libraries, packaging them as they are: libconscrypt_jni.so, libtranslate_jni.so.

> Task :app:desugarReleaseFileDependencies
> Task :app:extractReleaseNativeSymbolTables
> Task :app:processReleaseResources FAILED
> Task :app:mergeExtDexRelease

FAILURE: Build failed with an exception.

* What went wrong:
Execution failed for task ':app:processReleaseResources'.
> A failure occurred while executing com.android.build.gradle.internal.res.LinkApplicationAndroidResourcesTask$TaskAction
   > Android resource linking failed
     ERROR: /home/runner/work/mc-mod-migrator/mc-mod-migrator/app/src/main/res/layout/fragment_migration.xml:242: AAPT: error: resource style/AppButton.Outline (aka com.kongbai.modmigrator:style/AppButton.Outline) not found.
         
     ERROR: /home/runner/work/mc-mod-migrator/mc-mod-migrator/app/src/main/res/layout/fragment_migration.xml:251: AAPT: error: resource style/AppButton.Outline (aka com.kongbai.modmigrator:style/AppButton.Outline) not found.
         
     ERROR: /home/runner/work/mc-mod-migrator/mc-mod-migrator/app/src/main/res/layout/fragment_migration.xml:261: AAPT: error: resource style/AppButton.Outline (aka com.kongbai.modmigrator:style/AppButton.Outline) not found.
         

* Try:
> Run with --stacktrace option to get the stack trace.
> Run with --info or --debug option to get more log output.
> Run with --scan to get full insights.
> Get more help at https://help.gradle.org.

BUILD FAILED in 1m 11s
23 actionable tasks: 23 executed
